components/calendario/Calendario.tsx(1,8): error TS1259: Module '"C:/Users/guigu/OneDrive/\u00C1rea de Trabalho/Apps/Projeto- Prefeitura-01/Prefeitura-Integrada-DataBase/node_modules/@types/react/index"' can only be default-imported using the 'esModuleInterop' flag
components/calendario/Calendario.tsx(5,28): error TS6142: Module './EventModal' was resolved to 'C:/Users/guigu/OneDrive/├ürea de Trabalho/Apps/Projeto- Prefeitura-01/Prefeitura-Integrada-DataBase/components/calendario/EventModal.tsx', but '--jsx' is not set.
components/calendario/Calendario.tsx(6,33): error TS6142: Module './DayDetailsModal' was resolved to 'C:/Users/guigu/OneDrive/├ürea de Trabalho/Apps/Projeto- Prefeitura-01/Prefeitura-Integrada-DataBase/components/calendario/DayDetailsModal.tsx', but '--jsx' is not set.
components/calendario/Calendario.tsx(7,35): error TS6142: Module './EventDetailsModal' was resolved to 'C:/Users/guigu/OneDrive/├ürea de Trabalho/Apps/Projeto- Prefeitura-01/Prefeitura-Integrada-DataBase/components/calendario/EventDetailsModal.tsx', but '--jsx' is not set.
components/calendario/Calendario.tsx(11,31): error TS6142: Module './MyEventsModal' was resolved to 'C:/Users/guigu/OneDrive/├ürea de Trabalho/Apps/Projeto- Prefeitura-01/Prefeitura-Integrada-DataBase/components/calendario/MyEventsModal.tsx', but '--jsx' is not set.
components/calendario/Calendario.tsx(12,37): error TS6142: Module './PendingInvitesModal' was resolved to 'C:/Users/guigu/OneDrive/├ürea de Trabalho/Apps/Projeto- Prefeitura-01/Prefeitura-Integrada-DataBase/components/calendario/PendingInvitesModal.tsx', but '--jsx' is not set.
components/calendario/Calendario.tsx(13,34): error TS6142: Module './MonthEventsModal' was resolved to 'C:/Users/guigu/OneDrive/├ürea de Trabalho/Apps/Projeto- Prefeitura-01/Prefeitura-Integrada-DataBase/components/calendario/MonthEventsModal.tsx', but '--jsx' is not set.
components/calendario/Calendario.tsx(190,9): error TS17004: Cannot use JSX unless the '--jsx' flag is provided.
components/calendario/Calendario.tsx(193,13): error TS17004: Cannot use JSX unless the '--jsx' flag is provided.
components/calendario/Calendario.tsx(195,17): error TS17004: Cannot use JSX unless the '--jsx' flag is provided.
components/calendario/Calendario.tsx(196,21): error TS17004: Cannot use JSX unless the '--jsx' flag is provided.
components/calendario/Calendario.tsx(201,25): error TS17004: Cannot use JSX unless the '--jsx' flag is provided.
components/calendario/Calendario.tsx(204,21): error TS17004: Cannot use JSX unless the '--jsx' flag is provided.
components/calendario/Calendario.tsx(205,25): error TS17004: Cannot use JSX unless the '--jsx' flag is provided.
components/calendario/Calendario.tsx(206,29): error TS17004: Cannot use JSX unless the '--jsx' flag is provided.
components/calendario/Calendario.tsx(208,25): error TS17004: Cannot use JSX unless the '--jsx' flag is provided.
components/calendario/Calendario.tsx(213,21): error TS17004: Cannot use JSX unless the '--jsx' flag is provided.
components/calendario/Calendario.tsx(214,25): error TS17004: Cannot use JSX unless the '--jsx' flag is provided.
components/calendario/Calendario.tsx(218,29): error TS17004: Cannot use JSX unless the '--jsx' flag is provided.
components/calendario/Calendario.tsx(219,29): error TS17004: Cannot use JSX unless the '--jsx' flag is provided.
components/calendario/Calendario.tsx(221,25): error TS17004: Cannot use JSX unless the '--jsx' flag is provided.
components/calendario/Calendario.tsx(229,29): error TS17004: Cannot use JSX unless the '--jsx' flag is provided.
components/calendario/Calendario.tsx(230,29): error TS17004: Cannot use JSX unless the '--jsx' flag is provided.
components/calendario/Calendario.tsx(235,21): error TS17004: Cannot use JSX unless the '--jsx' flag is provided.
components/calendario/Calendario.tsx(239,25): error TS17004: Cannot use JSX unless the '--jsx' flag is provided.
components/calendario/Calendario.tsx(240,25): error TS17004: Cannot use JSX unless the '--jsx' flag is provided.
components/calendario/Calendario.tsx(246,13): error TS17004: Cannot use JSX unless the '--jsx' flag is provided.
components/calendario/Calendario.tsx(247,17): error TS17004: Cannot use JSX unless the '--jsx' flag is provided.
components/calendario/Calendario.tsx(248,21): error TS17004: Cannot use JSX unless the '--jsx' flag is provided.
components/calendario/Calendario.tsx(249,25): error TS17004: Cannot use JSX unless the '--jsx' flag is provided.
components/calendario/Calendario.tsx(251,21): error TS17004: Cannot use JSX unless the '--jsx' flag is provided.
components/calendario/Calendario.tsx(252,25): error TS17004: Cannot use JSX unless the '--jsx' flag is provided.
components/calendario/Calendario.tsx(256,17): error TS17004: Cannot use JSX unless the '--jsx' flag is provided.
components/calendario/Calendario.tsx(257,21): error TS17004: Cannot use JSX unless the '--jsx' flag is provided.
components/calendario/Calendario.tsx(258,25): error TS17004: Cannot use JSX unless the '--jsx' flag is provided.
components/calendario/Calendario.tsx(259,29): error TS17004: Cannot use JSX unless the '--jsx' flag is provided.
components/calendario/Calendario.tsx(272,70): error TS17004: Cannot use JSX unless the '--jsx' flag is provided.
components/calendario/Calendario.tsx(277,21): error TS17004: Cannot use JSX unless the '--jsx' flag is provided.
components/calendario/Calendario.tsx(278,25): error TS17004: Cannot use JSX unless the '--jsx' flag is provided.
components/calendario/Calendario.tsx(284,25): error TS17004: Cannot use JSX unless the '--jsx' flag is provided.
components/calendario/Calendario.tsx(289,29): error TS17004: Cannot use JSX unless the '--jsx' flag is provided.
components/calendario/Calendario.tsx(290,29): error TS17004: Cannot use JSX unless the '--jsx' flag is provided.
components/calendario/Calendario.tsx(295,17): error TS17004: Cannot use JSX unless the '--jsx' flag is provided.
components/calendario/Calendario.tsx(296,21): error TS17004: Cannot use JSX unless the '--jsx' flag is provided.
components/calendario/Calendario.tsx(297,25): error TS17004: Cannot use JSX unless the '--jsx' flag is provided.
components/calendario/Calendario.tsx(299,21): error TS17004: Cannot use JSX unless the '--jsx' flag is provided.
components/calendario/Calendario.tsx(300,25): error TS17004: Cannot use JSX unless the '--jsx' flag is provided.
components/calendario/Calendario.tsx(306,13): error TS17004: Cannot use JSX unless the '--jsx' flag is provided.
components/calendario/Calendario.tsx(308,17): error TS17004: Cannot use JSX unless the '--jsx' flag is provided.
components/calendario/Calendario.tsx(310,25): error TS17004: Cannot use JSX unless the '--jsx' flag is provided.
components/calendario/Calendario.tsx(317,17): error TS17004: Cannot use JSX unless the '--jsx' flag is provided.
components/calendario/Calendario.tsx(318,21): error TS17004: Cannot use JSX unless the '--jsx' flag is provided.
components/calendario/Calendario.tsx(320,29): error TS17004: Cannot use JSX unless the '--jsx' flag is provided.
components/calendario/Calendario.tsx(324,33): error TS17004: Cannot use JSX unless the '--jsx' flag is provided.
components/calendario/Calendario.tsx(331,36): error TS17004: Cannot use JSX unless the '--jsx' flag is provided.
components/calendario/Calendario.tsx(368,29): error TS17004: Cannot use JSX unless the '--jsx' flag is provided.
components/calendario/Calendario.tsx(378,33): error TS17004: Cannot use JSX unless the '--jsx' flag is provided.
components/calendario/Calendario.tsx(379,37): error TS17004: Cannot use JSX unless the '--jsx' flag is provided.
components/calendario/Calendario.tsx(386,37): error TS17004: Cannot use JSX unless the '--jsx' flag is provided.
components/calendario/Calendario.tsx(389,45): error TS17004: Cannot use JSX unless the '--jsx' flag is provided.
components/calendario/Calendario.tsx(418,61): error TS17004: Cannot use JSX unless the '--jsx' flag is provided.
components/calendario/Calendario.tsx(419,65): error TS17004: Cannot use JSX unless the '--jsx' flag is provided.
components/calendario/Calendario.tsx(425,53): error TS17004: Cannot use JSX unless the '--jsx' flag is provided.
components/calendario/Calendario.tsx(433,45): error TS17004: Cannot use JSX unless the '--jsx' flag is provided.
components/calendario/Calendario.tsx(442,49): error TS17004: Cannot use JSX unless the '--jsx' flag is provided.
components/calendario/Calendario.tsx(449,33): error TS17004: Cannot use JSX unless the '--jsx' flag is provided.
components/calendario/Calendario.tsx(453,45): error TS17004: Cannot use JSX unless the '--jsx' flag is provided.
components/calendario/Calendario.tsx(455,53): error TS17004: Cannot use JSX unless the '--jsx' flag is provided.
components/calendario/Calendario.tsx(469,57): error TS17004: Cannot use JSX unless the '--jsx' flag is provided.
components/calendario/Calendario.tsx(471,65): error TS17004: Cannot use JSX unless the '--jsx' flag is provided.
components/calendario/Calendario.tsx(473,61): error TS17004: Cannot use JSX unless the '--jsx' flag is provided.
components/calendario/Calendario.tsx(479,53): error TS17004: Cannot use JSX unless the '--jsx' flag is provided.
components/calendario/Calendario.tsx(501,13): error TS17004: Cannot use JSX unless the '--jsx' flag is provided.
components/calendario/Calendario.tsx(518,13): error TS17004: Cannot use JSX unless the '--jsx' flag is provided.
components/calendario/Calendario.tsx(558,13): error TS17004: Cannot use JSX unless the '--jsx' flag is provided.
components/calendario/Calendario.tsx(574,13): error TS17004: Cannot use JSX unless the '--jsx' flag is provided.
components/calendario/Calendario.tsx(585,13): error TS17004: Cannot use JSX unless the '--jsx' flag is provided.
components/calendario/Calendario.tsx(591,13): error TS17004: Cannot use JSX unless the '--jsx' flag is provided.
components/calendario/holidays.ts(1,10): error TS2614: Module '"./Calendario"' has no exported member 'CalendarEvent'. Did you mean to use 'import CalendarEvent from "./Calendario"' instead?
components/calendario/holidays.ts(1,31): error TS6142: Module './Calendario' was resolved to 'C:/Users/guigu/OneDrive/├ürea de Trabalho/Apps/Projeto- Prefeitura-01/Prefeitura-Integrada-DataBase/components/calendario/Calendario.tsx', but '--jsx' is not set.
components/calendario/MonthEventsModal.tsx(1,8): error TS1259: Module '"C:/Users/guigu/OneDrive/\u00C1rea de Trabalho/Apps/Projeto- Prefeitura-01/Prefeitura-Integrada-DataBase/node_modules/@types/react/index"' can only be default-imported using the 'esModuleInterop' flag
components/calendario/MonthEventsModal.tsx(6,41): error TS6142: Module './MonthEventsPdfGenerator' was resolved to 'C:/Users/guigu/OneDrive/├ürea de Trabalho/Apps/Projeto- Prefeitura-01/Prefeitura-Integrada-DataBase/components/calendario/MonthEventsPdfGenerator.tsx', but '--jsx' is not set.
components/calendario/MonthEventsModal.tsx(8,8): error TS1259: Module '"html2canvas"' can only be default-imported using the 'esModuleInterop' flag
components/calendario/MonthEventsModal.tsx(124,9): error TS17004: Cannot use JSX unless the '--jsx' flag is provided.
components/calendario/MonthEventsModal.tsx(125,13): error TS17004: Cannot use JSX unless the '--jsx' flag is provided.
components/calendario/MonthEventsModal.tsx(126,17): error TS17004: Cannot use JSX unless the '--jsx' flag is provided.
components/calendario/MonthEventsModal.tsx(134,17): error TS17004: Cannot use JSX unless the '--jsx' flag is provided.
components/calendario/MonthEventsModal.tsx(141,21): error TS17004: Cannot use JSX unless the '--jsx' flag is provided.
components/calendario/MonthEventsModal.tsx(142,25): error TS17004: Cannot use JSX unless the '--jsx' flag is provided.
components/calendario/MonthEventsModal.tsx(144,25): error TS17004: Cannot use JSX unless the '--jsx' flag is provided.
components/calendario/MonthEventsModal.tsx(145,29): error TS17004: Cannot use JSX unless the '--jsx' flag is provided.
components/calendario/MonthEventsModal.tsx(146,33): error TS17004: Cannot use JSX unless the '--jsx' flag is provided.
components/calendario/MonthEventsModal.tsx(147,37): error TS17004: Cannot use JSX unless the '--jsx' flag is provided.
components/calendario/MonthEventsModal.tsx(149,33): error TS17004: Cannot use JSX unless the '--jsx' flag is provided.
components/calendario/MonthEventsModal.tsx(150,37): error TS17004: Cannot use JSX unless the '--jsx' flag is provided.
components/calendario/MonthEventsModal.tsx(151,37): error TS17004: Cannot use JSX unless the '--jsx' flag is provided.
components/calendario/MonthEventsModal.tsx(158,25): error TS17004: Cannot use JSX unless the '--jsx' flag is provided.
components/calendario/MonthEventsModal.tsx(162,29): error TS17004: Cannot use JSX unless the '--jsx' flag is provided.
components/calendario/MonthEventsModal.tsx(167,21): error TS17004: Cannot use JSX unless the '--jsx' flag is provided.
components/calendario/MonthEventsModal.tsx(168,25): error TS17004: Cannot use JSX unless the '--jsx' flag is provided.
components/calendario/MonthEventsModal.tsx(169,29): error TS17004: Cannot use JSX unless the '--jsx' flag is provided.
components/calendario/MonthEventsModal.tsx(170,33): error TS17004: Cannot use JSX unless the '--jsx' flag is provided.
components/calendario/MonthEventsModal.tsx(171,33): error TS17004: Cannot use JSX unless the '--jsx' flag is provided.
components/calendario/MonthEventsModal.tsx(176,58): error TS17004: Cannot use JSX unless the '--jsx' flag is provided.
components/calendario/MonthEventsModal.tsx(180,29): error TS17004: Cannot use JSX unless the '--jsx' flag is provided.
components/calendario/MonthEventsModal.tsx(188,25): error TS17004: Cannot use JSX unless the '--jsx' flag is provided.
components/calendario/MonthEventsModal.tsx(189,29): error TS17004: Cannot use JSX unless the '--jsx' flag is provided.
components/calendario/MonthEventsModal.tsx(192,29): error TS17004: Cannot use JSX unless the '--jsx' flag is provided.
components/calendario/MonthEventsModal.tsx(197,49): error TS17004: Cannot use JSX unless the '--jsx' flag is provided.
components/calendario/MonthEventsModal.tsx(197,96): error TS17004: Cannot use JSX unless the '--jsx' flag is provided.
components/calendario/MonthEventsModal.tsx(204,21): error TS17004: Cannot use JSX unless the '--jsx' flag is provided.
components/calendario/MonthEventsModal.tsx(206,29): error TS17004: Cannot use JSX unless the '--jsx' flag is provided.
components/calendario/MonthEventsModal.tsx(207,33): error TS17004: Cannot use JSX unless the '--jsx' flag is provided.
components/calendario/MonthEventsModal.tsx(208,33): error TS17004: Cannot use JSX unless the '--jsx' flag is provided.
components/calendario/MonthEventsModal.tsx(211,29): error TS17004: Cannot use JSX unless the '--jsx' flag is provided.
components/calendario/MonthEventsModal.tsx(229,41): error TS17004: Cannot use JSX unless the '--jsx' flag is provided.
components/calendario/MonthEventsModal.tsx(234,45): error TS17004: Cannot use JSX unless the '--jsx' flag is provided.
components/calendario/MonthEventsModal.tsx(236,53): error TS17004: Cannot use JSX unless the '--jsx' flag is provided.
components/calendario/MonthEventsModal.tsx(238,53): error TS17004: Cannot use JSX unless the '--jsx' flag is provided.
components/calendario/MonthEventsModal.tsx(242,45): error TS17004: Cannot use JSX unless the '--jsx' flag is provided.
components/calendario/MonthEventsModal.tsx(243,49): error TS17004: Cannot use JSX unless the '--jsx' flag is provided.
components/calendario/MonthEventsModal.tsx(246,45): error TS17004: Cannot use JSX unless the '--jsx' flag is provided.
components/calendario/MonthEventsModal.tsx(247,49): error TS17004: Cannot use JSX unless the '--jsx' flag is provided.
components/calendario/MonthEventsModal.tsx(248,53): error TS17004: Cannot use JSX unless the '--jsx' flag is provided.
components/calendario/MonthEventsModal.tsx(251,53): error TS17004: Cannot use JSX unless the '--jsx' flag is provided.
components/calendario/MonthEventsModal.tsx(254,110): error TS17004: Cannot use JSX unless the '--jsx' flag is provided.
components/calendario/MonthEventsModal.tsx(256,49): error TS17004: Cannot use JSX unless the '--jsx' flag is provided.
components/calendario/MonthEventsModal.tsx(261,45): error TS17004: Cannot use JSX unless the '--jsx' flag is provided.
components/calendario/MonthEventsModal.tsx(262,49): error TS17004: Cannot use JSX unless the '--jsx' flag is provided.
components/calendario/MonthEventsModal.tsx(263,53): error TS17004: Cannot use JSX unless the '--jsx' flag is provided.
components/calendario/MonthEventsModal.tsx(264,53): error TS17004: Cannot use JSX unless the '--jsx' flag is provided.
components/calendario/MonthEventsModal.tsx(276,17): error TS17004: Cannot use JSX unless the '--jsx' flag is provided.
components/calendario/MonthEventsPdfGenerator.tsx(1,8): error TS1259: Module '"C:/Users/guigu/OneDrive/\u00C1rea de Trabalho/Apps/Projeto- Prefeitura-01/Prefeitura-Integrada-DataBase/node_modules/@types/react/index"' can only be default-imported using the 'esModuleInterop' flag
components/calendario/MonthEventsPdfGenerator.tsx(5,29): error TS6142: Module '../PageWrapper' was resolved to 'C:/Users/guigu/OneDrive/├ürea de Trabalho/Apps/Projeto- Prefeitura-01/Prefeitura-Integrada-DataBase/components/PageWrapper.tsx', but '--jsx' is not set.
components/calendario/MonthEventsPdfGenerator.tsx(26,9): error TS17004: Cannot use JSX unless the '--jsx' flag is provided.
components/calendario/MonthEventsPdfGenerator.tsx(37,13): error TS17004: Cannot use JSX unless the '--jsx' flag is provided.
components/calendario/MonthEventsPdfGenerator.tsx(57,17): error TS17004: Cannot use JSX unless the '--jsx' flag is provided.
components/calendario/MonthEventsPdfGenerator.tsx(59,21): error TS17004: Cannot use JSX unless the '--jsx' flag is provided.
components/calendario/MonthEventsPdfGenerator.tsx(60,25): error TS17004: Cannot use JSX unless the '--jsx' flag is provided.
components/calendario/MonthEventsPdfGenerator.tsx(61,29): error TS17004: Cannot use JSX unless the '--jsx' flag is provided.
components/calendario/MonthEventsPdfGenerator.tsx(62,29): error TS17004: Cannot use JSX unless the '--jsx' flag is provided.
components/calendario/MonthEventsPdfGenerator.tsx(63,45): error TS17004: Cannot use JSX unless the '--jsx' flag is provided.
components/calendario/MonthEventsPdfGenerator.tsx(66,25): error TS17004: Cannot use JSX unless the '--jsx' flag is provided.
components/calendario/MonthEventsPdfGenerator.tsx(67,29): error TS17004: Cannot use JSX unless the '--jsx' flag is provided.
components/calendario/MonthEventsPdfGenerator.tsx(68,29): error TS17004: Cannot use JSX unless the '--jsx' flag is provided.
components/calendario/MonthEventsPdfGenerator.tsx(73,21): error TS17004: Cannot use JSX unless the '--jsx' flag is provided.
components/calendario/MonthEventsPdfGenerator.tsx(80,29): error TS17004: Cannot use JSX unless the '--jsx' flag is provided.
components/calendario/MonthEventsPdfGenerator.tsx(81,33): error TS17004: Cannot use JSX unless the '--jsx' flag is provided.
components/calendario/MonthEventsPdfGenerator.tsx(82,33): error TS17004: Cannot use JSX unless the '--jsx' flag is provided.
components/calendario/MonthEventsPdfGenerator.tsx(88,21): error TS17004: Cannot use JSX unless the '--jsx' flag is provided.
components/calendario/MonthEventsPdfGenerator.tsx(113,33): error TS17004: Cannot use JSX unless the '--jsx' flag is provided.
components/calendario/MonthEventsPdfGenerator.tsx(114,37): error TS17004: Cannot use JSX unless the '--jsx' flag is provided.
components/calendario/MonthEventsPdfGenerator.tsx(115,41): error TS17004: Cannot use JSX unless the '--jsx' flag is provided.
components/calendario/MonthEventsPdfGenerator.tsx(116,45): error TS17004: Cannot use JSX unless the '--jsx' flag is provided.
components/calendario/MonthEventsPdfGenerator.tsx(117,45): error TS17004: Cannot use JSX unless the '--jsx' flag is provided.
components/calendario/MonthEventsPdfGenerator.tsx(119,71): error TS17004: Cannot use JSX unless the '--jsx' flag is provided.
components/calendario/MonthEventsPdfGenerator.tsx(122,37): error TS17004: Cannot use JSX unless the '--jsx' flag is provided.
components/calendario/MonthEventsPdfGenerator.tsx(123,41): error TS17004: Cannot use JSX unless the '--jsx' flag is provided.
components/calendario/MonthEventsPdfGenerator.tsx(124,45): error TS17004: Cannot use JSX unless the '--jsx' flag is provided.
components/calendario/MonthEventsPdfGenerator.tsx(127,41): error TS17004: Cannot use JSX unless the '--jsx' flag is provided.
components/calendario/MonthEventsPdfGenerator.tsx(128,45): error TS17004: Cannot use JSX unless the '--jsx' flag is provided.
components/calendario/MonthEventsPdfGenerator.tsx(129,49): error TS17004: Cannot use JSX unless the '--jsx' flag is provided.
components/calendario/MonthEventsPdfGenerator.tsx(132,72): error TS17004: Cannot use JSX unless the '--jsx' flag is provided.
components/calendario/MonthEventsPdfGenerator.tsx(132,115): error TS17004: Cannot use JSX unless the '--jsx' flag is provided.
components/calendario/MonthEventsPdfGenerator.tsx(135,45): error TS17004: Cannot use JSX unless the '--jsx' flag is provided.
components/calendario/MonthEventsPdfGenerator.tsx(139,45): error TS17004: Cannot use JSX unless the '--jsx' flag is provided.
components/calendario/MonthEventsPdfGenerator.tsx(140,49): error TS17004: Cannot use JSX unless the '--jsx' flag is provided.
components/calendario/MonthEventsPdfGenerator.tsx(141,53): error TS17004: Cannot use JSX unless the '--jsx' flag is provided.
components/calendario/MonthEventsPdfGenerator.tsx(142,53): error TS17004: Cannot use JSX unless the '--jsx' flag is provided.
components/calendario/MonthEventsPdfGenerator.tsx(147,53): error TS17004: Cannot use JSX unless the '--jsx' flag is provided.
components/calendario/MonthEventsPdfGenerator.tsx(148,57): error TS17004: Cannot use JSX unless the '--jsx' flag is provided.
components/calendario/MonthEventsPdfGenerator.tsx(149,57): error TS17004: Cannot use JSX unless the '--jsx' flag is provided.
components/calendario/MonthEventsPdfGenerator.tsx(155,49): error TS17004: Cannot use JSX unless the '--jsx' flag is provided.
components/calendario/MonthEventsPdfGenerator.tsx(156,53): error TS17004: Cannot use JSX unless the '--jsx' flag is provided.
components/calendario/MonthEventsPdfGenerator.tsx(169,21): error TS17004: Cannot use JSX unless the '--jsx' flag is provided.
components/calendario/MonthEventsPdfGenerator.tsx(170,25): error TS17004: Cannot use JSX unless the '--jsx' flag is provided.
components/calendario/MonthEventsPdfGenerator.tsx(171,25): error TS17004: Cannot use JSX unless the '--jsx' flag is provided.
node_modules/@supabase/supabase-js/dist/index.d.cts(176,46): error TS2304: Cannot find name 'InternalSupabaseKey'.
node_modules/@types/jspdf/index.d.ts(228,5): error TS2309: An export assignment cannot be used in a module with other exported elements.
node_modules/framer-motion/dist/types.d-DagZKalS.d.ts(33,11): error TS2320: Interface 'MotionStyle' cannot simultaneously extend types 'MakeMotionHelper<Omit<CSSProperties, "perspective" | "rotate" | "scale">>' and 'MakeMotionHelper<TransformProperties>'.
  Named property 'x' of types 'MakeMotionHelper<Omit<CSSProperties, "perspective" | "rotate" | "scale">>' and 'MakeMotionHelper<TransformProperties>' are not identical.
node_modules/framer-motion/dist/types/index.d.ts(515,226): error TS2503: Cannot find namespace 'JSX'.
node_modules/framer-motion/dist/types/index.d.ts(542,228): error TS2503: Cannot find namespace 'JSX'.
services/supabaseClient.ts(4,21): error TS1343: The 'import.meta' meta-property is only allowed when the '--module' option is 'es2020', 'es2022', 'esnext', 'system', 'node16', 'node18', or 'nodenext'.
services/supabaseClient.ts(4,33): error TS2339: Property 'env' does not exist on type 'ImportMeta'.
services/supabaseClient.ts(5,25): error TS1343: The 'import.meta' meta-property is only allowed when the '--module' option is 'es2020', 'es2022', 'esnext', 'system', 'node16', 'node18', or 'nodenext'.
services/supabaseClient.ts(5,37): error TS2339: Property 'env' does not exist on type 'ImportMeta'.
